// Jest Snapshot v1, https://goo.gl/fbAQLP

exports[`<VideoList /> Should render and match the snapshot 1`] = `null`;

exports[`<VideoList /> render with videos 1`] = `ShallowWrapper {}`;
