// Jest Snapshot v1, https://goo.gl/fbAQLP

exports[`<App /> render with videos 1`] = `ShallowWrapper {}`;
